// Jest Snapshot v1, https://goo.gl/fbAQLP

exports[`Default Pagination (reduced=false) offset: 0, limit: 10, total: 10 snapshot 1`] = `
<div
  className="ui buttons semantic-ui-react-button-pagination"
>
  <Button
    as="button"
    basic={false}
    className="otherPage"
    compact={false}
    disabled={true}
    inverted={false}
    key="pr"
    negative={false}
    onClick={[Function]}
    positive={false}
    primary={false}
    role="button"
    secondary={false}
    tabIndex={null}
  >
    <button
      className="ui disabled button otherPage"
      disabled={true}
      onClick={[Function]}
      role="button"
      tabIndex={-1}
    >
      &lt;
    </button>
  </Button>
  <Button
    active={true}
    as="button"
    basic={false}
    className="currentPage"
    compact={false}
    disabled={false}
    inverted={false}
    key="cr1"
    negative={false}
    positive={false}
    primary={false}
    role="button"
    secondary={false}
  >
    <button
      className="ui active button currentPage"
      onClick={[Function]}
      role="button"
    >
      1
    </button>
  </Button>
  <Button
    as="button"
    basic={false}
    className="otherPage"
    compact={false}
    disabled={true}
    inverted={false}
    key="nx"
    negative={false}
    onClick={[Function]}
    positive={false}
    primary={false}
    role="button"
    secondary={false}
    tabIndex={null}
  >
    <button
      className="ui disabled button otherPage"
      disabled={true}
      onClick={[Function]}
      role="button"
      tabIndex={-1}
    >
      &gt;
    </button>
  </Button>
</div>
`;

exports[`Default Pagination (reduced=false) offset: 0, limit: 10, total: 11 snapshot 1`] = `
<div
  className="ui buttons semantic-ui-react-button-pagination"
>
  <Button
    as="button"
    basic={false}
    className="otherPage"
    compact={false}
    disabled={true}
    inverted={false}
    key="pr"
    negative={false}
    onClick={[Function]}
    positive={false}
    primary={false}
    role="button"
    secondary={false}
    tabIndex={null}
  >
    <button
      className="ui disabled button otherPage"
      disabled={true}
      onClick={[Function]}
      role="button"
      tabIndex={-1}
    >
      &lt;
    </button>
  </Button>
  <Button
    active={true}
    as="button"
    basic={false}
    className="currentPage"
    compact={false}
    disabled={false}
    inverted={false}
    key="cr1"
    negative={false}
    positive={false}
    primary={false}
    role="button"
    secondary={false}
  >
    <button
      className="ui active button currentPage"
      onClick={[Function]}
      role="button"
    >
      1
    </button>
  </Button>
  <Button
    as="button"
    basic={false}
    className="otherPage"
    compact={false}
    disabled={false}
    inverted={false}
    key="2"
    negative={false}
    onClick={[Function]}
    positive={false}
    primary={false}
    role="button"
    secondary={false}
  >
    <button
      className="ui button otherPage"
      onClick={[Function]}
      role="button"
    >
      2
    </button>
  </Button>
  <Button
    as="button"
    basic={false}
    className="otherPage"
    compact={false}
    disabled={false}
    inverted={false}
    key="nx"
    negative={false}
    onClick={[Function]}
    positive={false}
    primary={false}
    role="button"
    secondary={false}
  >
    <button
      className="ui button otherPage"
      onClick={[Function]}
      role="button"
    >
      &gt;
    </button>
  </Button>
</div>
`;

exports[`Default Pagination (reduced=false) offset: 0, limit: 10, total: 100 snapshot 1`] = `
<div
  className="ui buttons semantic-ui-react-button-pagination"
>
  <Button
    as="button"
    basic={false}
    className="otherPage"
    compact={false}
    disabled={true}
    inverted={false}
    key="pr"
    negative={false}
    onClick={[Function]}
    positive={false}
    primary={false}
    role="button"
    secondary={false}
    tabIndex={null}
  >
    <button
      className="ui disabled button otherPage"
      disabled={true}
      onClick={[Function]}
      role="button"
      tabIndex={-1}
    >
      &lt;
    </button>
  </Button>
  <Button
    active={true}
    as="button"
    basic={false}
    className="currentPage"
    compact={false}
    disabled={false}
    inverted={false}
    key="cr1"
    negative={false}
    positive={false}
    primary={false}
    role="button"
    secondary={false}
  >
    <button
      className="ui active button currentPage"
      onClick={[Function]}
      role="button"
    >
      1
    </button>
  </Button>
  <Button
    as="button"
    basic={false}
    className="otherPage"
    compact={false}
    disabled={false}
    inverted={false}
    key="2"
    negative={false}
    onClick={[Function]}
    positive={false}
    primary={false}
    role="button"
    secondary={false}
  >
    <button
      className="ui button otherPage"
      onClick={[Function]}
      role="button"
    >
      2
    </button>
  </Button>
  <Button
    as="button"
    basic={false}
    className="otherPage"
    compact={false}
    disabled={false}
    inverted={false}
    key="3"
    negative={false}
    onClick={[Function]}
    positive={false}
    primary={false}
    role="button"
    secondary={false}
  >
    <button
      className="ui button otherPage"
      onClick={[Function]}
      role="button"
    >
      3
    </button>
  </Button>
  <Button
    as="button"
    basic={false}
    className="otherPage"
    compact={false}
    disabled={false}
    inverted={false}
    key="4"
    negative={false}
    onClick={[Function]}
    positive={false}
    primary={false}
    role="button"
    secondary={false}
  >
    <button
      className="ui button otherPage"
      onClick={[Function]}
      role="button"
    >
      4
    </button>
  </Button>
  <Button
    as="button"
    basic={false}
    className="otherPage"
    compact={false}
    disabled={false}
    inverted={false}
    key="5"
    negative={false}
    onClick={[Function]}
    positive={false}
    primary={false}
    role="button"
    secondary={false}
  >
    <button
      className="ui button otherPage"
      onClick={[Function]}
      role="button"
    >
      5
    </button>
  </Button>
  <Button
    as="button"
    basic={false}
    className="otherPage"
    compact={false}
    disabled={true}
    inverted={false}
    key="he"
    negative={false}
    positive={false}
    primary={false}
    role="button"
    secondary={false}
  >
    <button
      className="ui disabled button otherPage"
      disabled={true}
      onClick={[Function]}
      role="button"
      tabIndex={-1}
    >
      ...
    </button>
  </Button>
  <Button
    as="button"
    basic={false}
    className="otherPage"
    compact={false}
    disabled={false}
    inverted={false}
    key="9"
    negative={false}
    onClick={[Function]}
    positive={false}
    primary={false}
    role="button"
    secondary={false}
  >
    <button
      className="ui button otherPage"
      onClick={[Function]}
      role="button"
    >
      9
    </button>
  </Button>
  <Button
    as="button"
    basic={false}
    className="otherPage"
    compact={false}
    disabled={false}
    inverted={false}
    key="10"
    negative={false}
    onClick={[Function]}
    positive={false}
    primary={false}
    role="button"
    secondary={false}
  >
    <button
      className="ui button otherPage"
      onClick={[Function]}
      role="button"
    >
      10
    </button>
  </Button>
  <Button
    as="button"
    basic={false}
    className="otherPage"
    compact={false}
    disabled={false}
    inverted={false}
    key="nx"
    negative={false}
    onClick={[Function]}
    positive={false}
    primary={false}
    role="button"
    secondary={false}
  >
    <button
      className="ui button otherPage"
      onClick={[Function]}
      role="button"
    >
      &gt;
    </button>
  </Button>
</div>
`;

exports[`Default Pagination (reduced=false) offset: 0, limit: 10, total: 1000 snapshot 1`] = `
<div
  className="ui buttons semantic-ui-react-button-pagination"
>
  <Button
    as="button"
    basic={false}
    className="otherPage"
    compact={false}
    disabled={true}
    inverted={false}
    key="pr"
    negative={false}
    onClick={[Function]}
    positive={false}
    primary={false}
    role="button"
    secondary={false}
    tabIndex={null}
  >
    <button
      className="ui disabled button otherPage"
      disabled={true}
      onClick={[Function]}
      role="button"
      tabIndex={-1}
    >
      &lt;
    </button>
  </Button>
  <Button
    active={true}
    as="button"
    basic={false}
    className="currentPage"
    compact={false}
    disabled={false}
    inverted={false}
    key="cr1"
    negative={false}
    positive={false}
    primary={false}
    role="button"
    secondary={false}
  >
    <button
      className="ui active button currentPage"
      onClick={[Function]}
      role="button"
    >
      1
    </button>
  </Button>
  <Button
    as="button"
    basic={false}
    className="otherPage"
    compact={false}
    disabled={false}
    inverted={false}
    key="2"
    negative={false}
    onClick={[Function]}
    positive={false}
    primary={false}
    role="button"
    secondary={false}
  >
    <button
      className="ui button otherPage"
      onClick={[Function]}
      role="button"
    >
      2
    </button>
  </Button>
  <Button
    as="button"
    basic={false}
    className="otherPage"
    compact={false}
    disabled={false}
    inverted={false}
    key="3"
    negative={false}
    onClick={[Function]}
    positive={false}
    primary={false}
    role="button"
    secondary={false}
  >
    <button
      className="ui button otherPage"
      onClick={[Function]}
      role="button"
    >
      3
    </button>
  </Button>
  <Button
    as="button"
    basic={false}
    className="otherPage"
    compact={false}
    disabled={false}
    inverted={false}
    key="4"
    negative={false}
    onClick={[Function]}
    positive={false}
    primary={false}
    role="button"
    secondary={false}
  >
    <button
      className="ui button otherPage"
      onClick={[Function]}
      role="button"
    >
      4
    </button>
  </Button>
  <Button
    as="button"
    basic={false}
    className="otherPage"
    compact={false}
    disabled={false}
    inverted={false}
    key="5"
    negative={false}
    onClick={[Function]}
    positive={false}
    primary={false}
    role="button"
    secondary={false}
  >
    <button
      className="ui button otherPage"
      onClick={[Function]}
      role="button"
    >
      5
    </button>
  </Button>
  <Button
    as="button"
    basic={false}
    className="otherPage"
    compact={false}
    disabled={true}
    inverted={false}
    key="he"
    negative={false}
    positive={false}
    primary={false}
    role="button"
    secondary={false}
  >
    <button
      className="ui disabled button otherPage"
      disabled={true}
      onClick={[Function]}
      role="button"
      tabIndex={-1}
    >
      ...
    </button>
  </Button>
  <Button
    as="button"
    basic={false}
    className="otherPage"
    compact={false}
    disabled={false}
    inverted={false}
    key="99"
    negative={false}
    onClick={[Function]}
    positive={false}
    primary={false}
    role="button"
    secondary={false}
  >
    <button
      className="ui button otherPage"
      onClick={[Function]}
      role="button"
    >
      99
    </button>
  </Button>
  <Button
    as="button"
    basic={false}
    className="otherPage"
    compact={false}
    disabled={false}
    inverted={false}
    key="100"
    negative={false}
    onClick={[Function]}
    positive={false}
    primary={false}
    role="button"
    secondary={false}
  >
    <button
      className="ui button otherPage"
      onClick={[Function]}
      role="button"
    >
      100
    </button>
  </Button>
  <Button
    as="button"
    basic={false}
    className="otherPage"
    compact={false}
    disabled={false}
    inverted={false}
    key="nx"
    negative={false}
    onClick={[Function]}
    positive={false}
    primary={false}
    role="button"
    secondary={false}
  >
    <button
      className="ui button otherPage"
      onClick={[Function]}
      role="button"
    >
      &gt;
    </button>
  </Button>
</div>
`;

exports[`Default Pagination (reduced=false) offset: 10, limit: 10, total: 11 snapshot 1`] = `
<div
  className="ui buttons semantic-ui-react-button-pagination"
>
  <Button
    as="button"
    basic={false}
    className="otherPage"
    compact={false}
    disabled={false}
    inverted={false}
    key="pr"
    negative={false}
    onClick={[Function]}
    positive={false}
    primary={false}
    role="button"
    secondary={false}
  >
    <button
      className="ui button otherPage"
      onClick={[Function]}
      role="button"
    >
      &lt;
    </button>
  </Button>
  <Button
    as="button"
    basic={false}
    className="otherPage"
    compact={false}
    disabled={false}
    inverted={false}
    key="1"
    negative={false}
    onClick={[Function]}
    positive={false}
    primary={false}
    role="button"
    secondary={false}
  >
    <button
      className="ui button otherPage"
      onClick={[Function]}
      role="button"
    >
      1
    </button>
  </Button>
  <Button
    active={true}
    as="button"
    basic={false}
    className="currentPage"
    compact={false}
    disabled={false}
    inverted={false}
    key="cr2"
    negative={false}
    positive={false}
    primary={false}
    role="button"
    secondary={false}
  >
    <button
      className="ui active button currentPage"
      onClick={[Function]}
      role="button"
    >
      2
    </button>
  </Button>
  <Button
    as="button"
    basic={false}
    className="otherPage"
    compact={false}
    disabled={true}
    inverted={false}
    key="nx"
    negative={false}
    onClick={[Function]}
    positive={false}
    primary={false}
    role="button"
    secondary={false}
    tabIndex={null}
  >
    <button
      className="ui disabled button otherPage"
      disabled={true}
      onClick={[Function]}
      role="button"
      tabIndex={-1}
    >
      &gt;
    </button>
  </Button>
</div>
`;

exports[`Default Pagination (reduced=false) offset: 40, limit: 10, total: 100 snapshot 1`] = `
<div
  className="ui buttons semantic-ui-react-button-pagination"
>
  <Button
    as="button"
    basic={false}
    className="otherPage"
    compact={false}
    disabled={false}
    inverted={false}
    key="pr"
    negative={false}
    onClick={[Function]}
    positive={false}
    primary={false}
    role="button"
    secondary={false}
  >
    <button
      className="ui button otherPage"
      onClick={[Function]}
      role="button"
    >
      &lt;
    </button>
  </Button>
  <Button
    as="button"
    basic={false}
    className="otherPage"
    compact={false}
    disabled={false}
    inverted={false}
    key="1"
    negative={false}
    onClick={[Function]}
    positive={false}
    primary={false}
    role="button"
    secondary={false}
  >
    <button
      className="ui button otherPage"
      onClick={[Function]}
      role="button"
    >
      1
    </button>
  </Button>
  <Button
    as="button"
    basic={false}
    className="otherPage"
    compact={false}
    disabled={false}
    inverted={false}
    key="2"
    negative={false}
    onClick={[Function]}
    positive={false}
    primary={false}
    role="button"
    secondary={false}
  >
    <button
      className="ui button otherPage"
      onClick={[Function]}
      role="button"
    >
      2
    </button>
  </Button>
  <Button
    as="button"
    basic={false}
    className="otherPage"
    compact={false}
    disabled={false}
    inverted={false}
    key="3"
    negative={false}
    onClick={[Function]}
    positive={false}
    primary={false}
    role="button"
    secondary={false}
  >
    <button
      className="ui button otherPage"
      onClick={[Function]}
      role="button"
    >
      3
    </button>
  </Button>
  <Button
    as="button"
    basic={false}
    className="otherPage"
    compact={false}
    disabled={false}
    inverted={false}
    key="4"
    negative={false}
    onClick={[Function]}
    positive={false}
    primary={false}
    role="button"
    secondary={false}
  >
    <button
      className="ui button otherPage"
      onClick={[Function]}
      role="button"
    >
      4
    </button>
  </Button>
  <Button
    active={true}
    as="button"
    basic={false}
    className="currentPage"
    compact={false}
    disabled={false}
    inverted={false}
    key="cr5"
    negative={false}
    positive={false}
    primary={false}
    role="button"
    secondary={false}
  >
    <button
      className="ui active button currentPage"
      onClick={[Function]}
      role="button"
    >
      5
    </button>
  </Button>
  <Button
    as="button"
    basic={false}
    className="otherPage"
    compact={false}
    disabled={false}
    inverted={false}
    key="6"
    negative={false}
    onClick={[Function]}
    positive={false}
    primary={false}
    role="button"
    secondary={false}
  >
    <button
      className="ui button otherPage"
      onClick={[Function]}
      role="button"
    >
      6
    </button>
  </Button>
  <Button
    as="button"
    basic={false}
    className="otherPage"
    compact={false}
    disabled={false}
    inverted={false}
    key="7"
    negative={false}
    onClick={[Function]}
    positive={false}
    primary={false}
    role="button"
    secondary={false}
  >
    <button
      className="ui button otherPage"
      onClick={[Function]}
      role="button"
    >
      7
    </button>
  </Button>
  <Button
    as="button"
    basic={false}
    className="otherPage"
    compact={false}
    disabled={false}
    inverted={false}
    key="8"
    negative={false}
    onClick={[Function]}
    positive={false}
    primary={false}
    role="button"
    secondary={false}
  >
    <button
      className="ui button otherPage"
      onClick={[Function]}
      role="button"
    >
      8
    </button>
  </Button>
  <Button
    as="button"
    basic={false}
    className="otherPage"
    compact={false}
    disabled={false}
    inverted={false}
    key="9"
    negative={false}
    onClick={[Function]}
    positive={false}
    primary={false}
    role="button"
    secondary={false}
  >
    <button
      className="ui button otherPage"
      onClick={[Function]}
      role="button"
    >
      9
    </button>
  </Button>
  <Button
    as="button"
    basic={false}
    className="otherPage"
    compact={false}
    disabled={false}
    inverted={false}
    key="10"
    negative={false}
    onClick={[Function]}
    positive={false}
    primary={false}
    role="button"
    secondary={false}
  >
    <button
      className="ui button otherPage"
      onClick={[Function]}
      role="button"
    >
      10
    </button>
  </Button>
  <Button
    as="button"
    basic={false}
    className="otherPage"
    compact={false}
    disabled={false}
    inverted={false}
    key="nx"
    negative={false}
    onClick={[Function]}
    positive={false}
    primary={false}
    role="button"
    secondary={false}
  >
    <button
      className="ui button otherPage"
      onClick={[Function]}
      role="button"
    >
      &gt;
    </button>
  </Button>
</div>
`;

exports[`Default Pagination (reduced=false) offset: 50, limit: 10, total: 100 snapshot 1`] = `
<div
  className="ui buttons semantic-ui-react-button-pagination"
>
  <Button
    as="button"
    basic={false}
    className="otherPage"
    compact={false}
    disabled={false}
    inverted={false}
    key="pr"
    negative={false}
    onClick={[Function]}
    positive={false}
    primary={false}
    role="button"
    secondary={false}
  >
    <button
      className="ui button otherPage"
      onClick={[Function]}
      role="button"
    >
      &lt;
    </button>
  </Button>
  <Button
    as="button"
    basic={false}
    className="otherPage"
    compact={false}
    disabled={false}
    inverted={false}
    key="1"
    negative={false}
    onClick={[Function]}
    positive={false}
    primary={false}
    role="button"
    secondary={false}
  >
    <button
      className="ui button otherPage"
      onClick={[Function]}
      role="button"
    >
      1
    </button>
  </Button>
  <Button
    as="button"
    basic={false}
    className="otherPage"
    compact={false}
    disabled={false}
    inverted={false}
    key="2"
    negative={false}
    onClick={[Function]}
    positive={false}
    primary={false}
    role="button"
    secondary={false}
  >
    <button
      className="ui button otherPage"
      onClick={[Function]}
      role="button"
    >
      2
    </button>
  </Button>
  <Button
    as="button"
    basic={false}
    className="otherPage"
    compact={false}
    disabled={false}
    inverted={false}
    key="3"
    negative={false}
    onClick={[Function]}
    positive={false}
    primary={false}
    role="button"
    secondary={false}
  >
    <button
      className="ui button otherPage"
      onClick={[Function]}
      role="button"
    >
      3
    </button>
  </Button>
  <Button
    as="button"
    basic={false}
    className="otherPage"
    compact={false}
    disabled={false}
    inverted={false}
    key="4"
    negative={false}
    onClick={[Function]}
    positive={false}
    primary={false}
    role="button"
    secondary={false}
  >
    <button
      className="ui button otherPage"
      onClick={[Function]}
      role="button"
    >
      4
    </button>
  </Button>
  <Button
    as="button"
    basic={false}
    className="otherPage"
    compact={false}
    disabled={false}
    inverted={false}
    key="5"
    negative={false}
    onClick={[Function]}
    positive={false}
    primary={false}
    role="button"
    secondary={false}
  >
    <button
      className="ui button otherPage"
      onClick={[Function]}
      role="button"
    >
      5
    </button>
  </Button>
  <Button
    active={true}
    as="button"
    basic={false}
    className="currentPage"
    compact={false}
    disabled={false}
    inverted={false}
    key="cr6"
    negative={false}
    positive={false}
    primary={false}
    role="button"
    secondary={false}
  >
    <button
      className="ui active button currentPage"
      onClick={[Function]}
      role="button"
    >
      6
    </button>
  </Button>
  <Button
    as="button"
    basic={false}
    className="otherPage"
    compact={false}
    disabled={false}
    inverted={false}
    key="7"
    negative={false}
    onClick={[Function]}
    positive={false}
    primary={false}
    role="button"
    secondary={false}
  >
    <button
      className="ui button otherPage"
      onClick={[Function]}
      role="button"
    >
      7
    </button>
  </Button>
  <Button
    as="button"
    basic={false}
    className="otherPage"
    compact={false}
    disabled={false}
    inverted={false}
    key="8"
    negative={false}
    onClick={[Function]}
    positive={false}
    primary={false}
    role="button"
    secondary={false}
  >
    <button
      className="ui button otherPage"
      onClick={[Function]}
      role="button"
    >
      8
    </button>
  </Button>
  <Button
    as="button"
    basic={false}
    className="otherPage"
    compact={false}
    disabled={false}
    inverted={false}
    key="9"
    negative={false}
    onClick={[Function]}
    positive={false}
    primary={false}
    role="button"
    secondary={false}
  >
    <button
      className="ui button otherPage"
      onClick={[Function]}
      role="button"
    >
      9
    </button>
  </Button>
  <Button
    as="button"
    basic={false}
    className="otherPage"
    compact={false}
    disabled={false}
    inverted={false}
    key="10"
    negative={false}
    onClick={[Function]}
    positive={false}
    primary={false}
    role="button"
    secondary={false}
  >
    <button
      className="ui button otherPage"
      onClick={[Function]}
      role="button"
    >
      10
    </button>
  </Button>
  <Button
    as="button"
    basic={false}
    className="otherPage"
    compact={false}
    disabled={false}
    inverted={false}
    key="nx"
    negative={false}
    onClick={[Function]}
    positive={false}
    primary={false}
    role="button"
    secondary={false}
  >
    <button
      className="ui button otherPage"
      onClick={[Function]}
      role="button"
    >
      &gt;
    </button>
  </Button>
</div>
`;

exports[`Default Pagination (reduced=false) offset: 50, limit: 10, total: 1000 snapshot 1`] = `
<div
  className="ui buttons semantic-ui-react-button-pagination"
>
  <Button
    as="button"
    basic={false}
    className="otherPage"
    compact={false}
    disabled={false}
    inverted={false}
    key="pr"
    negative={false}
    onClick={[Function]}
    positive={false}
    primary={false}
    role="button"
    secondary={false}
  >
    <button
      className="ui button otherPage"
      onClick={[Function]}
      role="button"
    >
      &lt;
    </button>
  </Button>
  <Button
    as="button"
    basic={false}
    className="otherPage"
    compact={false}
    disabled={false}
    inverted={false}
    key="1"
    negative={false}
    onClick={[Function]}
    positive={false}
    primary={false}
    role="button"
    secondary={false}
  >
    <button
      className="ui button otherPage"
      onClick={[Function]}
      role="button"
    >
      1
    </button>
  </Button>
  <Button
    as="button"
    basic={false}
    className="otherPage"
    compact={false}
    disabled={false}
    inverted={false}
    key="2"
    negative={false}
    onClick={[Function]}
    positive={false}
    primary={false}
    role="button"
    secondary={false}
  >
    <button
      className="ui button otherPage"
      onClick={[Function]}
      role="button"
    >
      2
    </button>
  </Button>
  <Button
    as="button"
    basic={false}
    className="otherPage"
    compact={false}
    disabled={false}
    inverted={false}
    key="3"
    negative={false}
    onClick={[Function]}
    positive={false}
    primary={false}
    role="button"
    secondary={false}
  >
    <button
      className="ui button otherPage"
      onClick={[Function]}
      role="button"
    >
      3
    </button>
  </Button>
  <Button
    as="button"
    basic={false}
    className="otherPage"
    compact={false}
    disabled={false}
    inverted={false}
    key="4"
    negative={false}
    onClick={[Function]}
    positive={false}
    primary={false}
    role="button"
    secondary={false}
  >
    <button
      className="ui button otherPage"
      onClick={[Function]}
      role="button"
    >
      4
    </button>
  </Button>
  <Button
    as="button"
    basic={false}
    className="otherPage"
    compact={false}
    disabled={false}
    inverted={false}
    key="5"
    negative={false}
    onClick={[Function]}
    positive={false}
    primary={false}
    role="button"
    secondary={false}
  >
    <button
      className="ui button otherPage"
      onClick={[Function]}
      role="button"
    >
      5
    </button>
  </Button>
  <Button
    active={true}
    as="button"
    basic={false}
    className="currentPage"
    compact={false}
    disabled={false}
    inverted={false}
    key="cr6"
    negative={false}
    positive={false}
    primary={false}
    role="button"
    secondary={false}
  >
    <button
      className="ui active button currentPage"
      onClick={[Function]}
      role="button"
    >
      6
    </button>
  </Button>
  <Button
    as="button"
    basic={false}
    className="otherPage"
    compact={false}
    disabled={false}
    inverted={false}
    key="7"
    negative={false}
    onClick={[Function]}
    positive={false}
    primary={false}
    role="button"
    secondary={false}
  >
    <button
      className="ui button otherPage"
      onClick={[Function]}
      role="button"
    >
      7
    </button>
  </Button>
  <Button
    as="button"
    basic={false}
    className="otherPage"
    compact={false}
    disabled={false}
    inverted={false}
    key="8"
    negative={false}
    onClick={[Function]}
    positive={false}
    primary={false}
    role="button"
    secondary={false}
  >
    <button
      className="ui button otherPage"
      onClick={[Function]}
      role="button"
    >
      8
    </button>
  </Button>
  <Button
    as="button"
    basic={false}
    className="otherPage"
    compact={false}
    disabled={true}
    inverted={false}
    key="he"
    negative={false}
    positive={false}
    primary={false}
    role="button"
    secondary={false}
  >
    <button
      className="ui disabled button otherPage"
      disabled={true}
      onClick={[Function]}
      role="button"
      tabIndex={-1}
    >
      ...
    </button>
  </Button>
  <Button
    as="button"
    basic={false}
    className="otherPage"
    compact={false}
    disabled={false}
    inverted={false}
    key="99"
    negative={false}
    onClick={[Function]}
    positive={false}
    primary={false}
    role="button"
    secondary={false}
  >
    <button
      className="ui button otherPage"
      onClick={[Function]}
      role="button"
    >
      99
    </button>
  </Button>
  <Button
    as="button"
    basic={false}
    className="otherPage"
    compact={false}
    disabled={false}
    inverted={false}
    key="100"
    negative={false}
    onClick={[Function]}
    positive={false}
    primary={false}
    role="button"
    secondary={false}
  >
    <button
      className="ui button otherPage"
      onClick={[Function]}
      role="button"
    >
      100
    </button>
  </Button>
  <Button
    as="button"
    basic={false}
    className="otherPage"
    compact={false}
    disabled={false}
    inverted={false}
    key="nx"
    negative={false}
    onClick={[Function]}
    positive={false}
    primary={false}
    role="button"
    secondary={false}
  >
    <button
      className="ui button otherPage"
      onClick={[Function]}
      role="button"
    >
      &gt;
    </button>
  </Button>
</div>
`;

exports[`Default Pagination (reduced=false) offset: 60, limit: 10, total: 1000 snapshot 1`] = `
<div
  className="ui buttons semantic-ui-react-button-pagination"
>
  <Button
    as="button"
    basic={false}
    className="otherPage"
    compact={false}
    disabled={false}
    inverted={false}
    key="pr"
    negative={false}
    onClick={[Function]}
    positive={false}
    primary={false}
    role="button"
    secondary={false}
  >
    <button
      className="ui button otherPage"
      onClick={[Function]}
      role="button"
    >
      &lt;
    </button>
  </Button>
  <Button
    as="button"
    basic={false}
    className="otherPage"
    compact={false}
    disabled={false}
    inverted={false}
    key="1"
    negative={false}
    onClick={[Function]}
    positive={false}
    primary={false}
    role="button"
    secondary={false}
  >
    <button
      className="ui button otherPage"
      onClick={[Function]}
      role="button"
    >
      1
    </button>
  </Button>
  <Button
    as="button"
    basic={false}
    className="otherPage"
    compact={false}
    disabled={false}
    inverted={false}
    key="2"
    negative={false}
    onClick={[Function]}
    positive={false}
    primary={false}
    role="button"
    secondary={false}
  >
    <button
      className="ui button otherPage"
      onClick={[Function]}
      role="button"
    >
      2
    </button>
  </Button>
  <Button
    as="button"
    basic={false}
    className="otherPage"
    compact={false}
    disabled={true}
    inverted={false}
    key="le"
    negative={false}
    positive={false}
    primary={false}
    role="button"
    secondary={false}
  >
    <button
      className="ui disabled button otherPage"
      disabled={true}
      onClick={[Function]}
      role="button"
      tabIndex={-1}
    >
      ...
    </button>
  </Button>
  <Button
    as="button"
    basic={false}
    className="otherPage"
    compact={false}
    disabled={false}
    inverted={false}
    key="5"
    negative={false}
    onClick={[Function]}
    positive={false}
    primary={false}
    role="button"
    secondary={false}
  >
    <button
      className="ui button otherPage"
      onClick={[Function]}
      role="button"
    >
      5
    </button>
  </Button>
  <Button
    as="button"
    basic={false}
    className="otherPage"
    compact={false}
    disabled={false}
    inverted={false}
    key="6"
    negative={false}
    onClick={[Function]}
    positive={false}
    primary={false}
    role="button"
    secondary={false}
  >
    <button
      className="ui button otherPage"
      onClick={[Function]}
      role="button"
    >
      6
    </button>
  </Button>
  <Button
    active={true}
    as="button"
    basic={false}
    className="currentPage"
    compact={false}
    disabled={false}
    inverted={false}
    key="cr7"
    negative={false}
    positive={false}
    primary={false}
    role="button"
    secondary={false}
  >
    <button
      className="ui active button currentPage"
      onClick={[Function]}
      role="button"
    >
      7
    </button>
  </Button>
  <Button
    as="button"
    basic={false}
    className="otherPage"
    compact={false}
    disabled={false}
    inverted={false}
    key="8"
    negative={false}
    onClick={[Function]}
    positive={false}
    primary={false}
    role="button"
    secondary={false}
  >
    <button
      className="ui button otherPage"
      onClick={[Function]}
      role="button"
    >
      8
    </button>
  </Button>
  <Button
    as="button"
    basic={false}
    className="otherPage"
    compact={false}
    disabled={false}
    inverted={false}
    key="9"
    negative={false}
    onClick={[Function]}
    positive={false}
    primary={false}
    role="button"
    secondary={false}
  >
    <button
      className="ui button otherPage"
      onClick={[Function]}
      role="button"
    >
      9
    </button>
  </Button>
  <Button
    as="button"
    basic={false}
    className="otherPage"
    compact={false}
    disabled={true}
    inverted={false}
    key="he"
    negative={false}
    positive={false}
    primary={false}
    role="button"
    secondary={false}
  >
    <button
      className="ui disabled button otherPage"
      disabled={true}
      onClick={[Function]}
      role="button"
      tabIndex={-1}
    >
      ...
    </button>
  </Button>
  <Button
    as="button"
    basic={false}
    className="otherPage"
    compact={false}
    disabled={false}
    inverted={false}
    key="99"
    negative={false}
    onClick={[Function]}
    positive={false}
    primary={false}
    role="button"
    secondary={false}
  >
    <button
      className="ui button otherPage"
      onClick={[Function]}
      role="button"
    >
      99
    </button>
  </Button>
  <Button
    as="button"
    basic={false}
    className="otherPage"
    compact={false}
    disabled={false}
    inverted={false}
    key="100"
    negative={false}
    onClick={[Function]}
    positive={false}
    primary={false}
    role="button"
    secondary={false}
  >
    <button
      className="ui button otherPage"
      onClick={[Function]}
      role="button"
    >
      100
    </button>
  </Button>
  <Button
    as="button"
    basic={false}
    className="otherPage"
    compact={false}
    disabled={false}
    inverted={false}
    key="nx"
    negative={false}
    onClick={[Function]}
    positive={false}
    primary={false}
    role="button"
    secondary={false}
  >
    <button
      className="ui button otherPage"
      onClick={[Function]}
      role="button"
    >
      &gt;
    </button>
  </Button>
</div>
`;

exports[`Default Pagination (reduced=false) offset: 90, limit: 10, total: 100 snapshot 1`] = `
<div
  className="ui buttons semantic-ui-react-button-pagination"
>
  <Button
    as="button"
    basic={false}
    className="otherPage"
    compact={false}
    disabled={false}
    inverted={false}
    key="pr"
    negative={false}
    onClick={[Function]}
    positive={false}
    primary={false}
    role="button"
    secondary={false}
  >
    <button
      className="ui button otherPage"
      onClick={[Function]}
      role="button"
    >
      &lt;
    </button>
  </Button>
  <Button
    as="button"
    basic={false}
    className="otherPage"
    compact={false}
    disabled={false}
    inverted={false}
    key="1"
    negative={false}
    onClick={[Function]}
    positive={false}
    primary={false}
    role="button"
    secondary={false}
  >
    <button
      className="ui button otherPage"
      onClick={[Function]}
      role="button"
    >
      1
    </button>
  </Button>
  <Button
    as="button"
    basic={false}
    className="otherPage"
    compact={false}
    disabled={false}
    inverted={false}
    key="2"
    negative={false}
    onClick={[Function]}
    positive={false}
    primary={false}
    role="button"
    secondary={false}
  >
    <button
      className="ui button otherPage"
      onClick={[Function]}
      role="button"
    >
      2
    </button>
  </Button>
  <Button
    as="button"
    basic={false}
    className="otherPage"
    compact={false}
    disabled={true}
    inverted={false}
    key="le"
    negative={false}
    positive={false}
    primary={false}
    role="button"
    secondary={false}
  >
    <button
      className="ui disabled button otherPage"
      disabled={true}
      onClick={[Function]}
      role="button"
      tabIndex={-1}
    >
      ...
    </button>
  </Button>
  <Button
    as="button"
    basic={false}
    className="otherPage"
    compact={false}
    disabled={false}
    inverted={false}
    key="6"
    negative={false}
    onClick={[Function]}
    positive={false}
    primary={false}
    role="button"
    secondary={false}
  >
    <button
      className="ui button otherPage"
      onClick={[Function]}
      role="button"
    >
      6
    </button>
  </Button>
  <Button
    as="button"
    basic={false}
    className="otherPage"
    compact={false}
    disabled={false}
    inverted={false}
    key="7"
    negative={false}
    onClick={[Function]}
    positive={false}
    primary={false}
    role="button"
    secondary={false}
  >
    <button
      className="ui button otherPage"
      onClick={[Function]}
      role="button"
    >
      7
    </button>
  </Button>
  <Button
    as="button"
    basic={false}
    className="otherPage"
    compact={false}
    disabled={false}
    inverted={false}
    key="8"
    negative={false}
    onClick={[Function]}
    positive={false}
    primary={false}
    role="button"
    secondary={false}
  >
    <button
      className="ui button otherPage"
      onClick={[Function]}
      role="button"
    >
      8
    </button>
  </Button>
  <Button
    as="button"
    basic={false}
    className="otherPage"
    compact={false}
    disabled={false}
    inverted={false}
    key="9"
    negative={false}
    onClick={[Function]}
    positive={false}
    primary={false}
    role="button"
    secondary={false}
  >
    <button
      className="ui button otherPage"
      onClick={[Function]}
      role="button"
    >
      9
    </button>
  </Button>
  <Button
    active={true}
    as="button"
    basic={false}
    className="currentPage"
    compact={false}
    disabled={false}
    inverted={false}
    key="cr10"
    negative={false}
    positive={false}
    primary={false}
    role="button"
    secondary={false}
  >
    <button
      className="ui active button currentPage"
      onClick={[Function]}
      role="button"
    >
      10
    </button>
  </Button>
  <Button
    as="button"
    basic={false}
    className="otherPage"
    compact={false}
    disabled={true}
    inverted={false}
    key="nx"
    negative={false}
    onClick={[Function]}
    positive={false}
    primary={false}
    role="button"
    secondary={false}
    tabIndex={null}
  >
    <button
      className="ui disabled button otherPage"
      disabled={true}
      onClick={[Function]}
      role="button"
      tabIndex={-1}
    >
      &gt;
    </button>
  </Button>
</div>
`;

exports[`Default Pagination (reduced=false) offset: 930, limit: 10, total: 1000 snapshot 1`] = `
<div
  className="ui buttons semantic-ui-react-button-pagination"
>
  <Button
    as="button"
    basic={false}
    className="otherPage"
    compact={false}
    disabled={false}
    inverted={false}
    key="pr"
    negative={false}
    onClick={[Function]}
    positive={false}
    primary={false}
    role="button"
    secondary={false}
  >
    <button
      className="ui button otherPage"
      onClick={[Function]}
      role="button"
    >
      &lt;
    </button>
  </Button>
  <Button
    as="button"
    basic={false}
    className="otherPage"
    compact={false}
    disabled={false}
    inverted={false}
    key="1"
    negative={false}
    onClick={[Function]}
    positive={false}
    primary={false}
    role="button"
    secondary={false}
  >
    <button
      className="ui button otherPage"
      onClick={[Function]}
      role="button"
    >
      1
    </button>
  </Button>
  <Button
    as="button"
    basic={false}
    className="otherPage"
    compact={false}
    disabled={false}
    inverted={false}
    key="2"
    negative={false}
    onClick={[Function]}
    positive={false}
    primary={false}
    role="button"
    secondary={false}
  >
    <button
      className="ui button otherPage"
      onClick={[Function]}
      role="button"
    >
      2
    </button>
  </Button>
  <Button
    as="button"
    basic={false}
    className="otherPage"
    compact={false}
    disabled={true}
    inverted={false}
    key="le"
    negative={false}
    positive={false}
    primary={false}
    role="button"
    secondary={false}
  >
    <button
      className="ui disabled button otherPage"
      disabled={true}
      onClick={[Function]}
      role="button"
      tabIndex={-1}
    >
      ...
    </button>
  </Button>
  <Button
    as="button"
    basic={false}
    className="otherPage"
    compact={false}
    disabled={false}
    inverted={false}
    key="92"
    negative={false}
    onClick={[Function]}
    positive={false}
    primary={false}
    role="button"
    secondary={false}
  >
    <button
      className="ui button otherPage"
      onClick={[Function]}
      role="button"
    >
      92
    </button>
  </Button>
  <Button
    as="button"
    basic={false}
    className="otherPage"
    compact={false}
    disabled={false}
    inverted={false}
    key="93"
    negative={false}
    onClick={[Function]}
    positive={false}
    primary={false}
    role="button"
    secondary={false}
  >
    <button
      className="ui button otherPage"
      onClick={[Function]}
      role="button"
    >
      93
    </button>
  </Button>
  <Button
    active={true}
    as="button"
    basic={false}
    className="currentPage"
    compact={false}
    disabled={false}
    inverted={false}
    key="cr94"
    negative={false}
    positive={false}
    primary={false}
    role="button"
    secondary={false}
  >
    <button
      className="ui active button currentPage"
      onClick={[Function]}
      role="button"
    >
      94
    </button>
  </Button>
  <Button
    as="button"
    basic={false}
    className="otherPage"
    compact={false}
    disabled={false}
    inverted={false}
    key="95"
    negative={false}
    onClick={[Function]}
    positive={false}
    primary={false}
    role="button"
    secondary={false}
  >
    <button
      className="ui button otherPage"
      onClick={[Function]}
      role="button"
    >
      95
    </button>
  </Button>
  <Button
    as="button"
    basic={false}
    className="otherPage"
    compact={false}
    disabled={false}
    inverted={false}
    key="96"
    negative={false}
    onClick={[Function]}
    positive={false}
    primary={false}
    role="button"
    secondary={false}
  >
    <button
      className="ui button otherPage"
      onClick={[Function]}
      role="button"
    >
      96
    </button>
  </Button>
  <Button
    as="button"
    basic={false}
    className="otherPage"
    compact={false}
    disabled={true}
    inverted={false}
    key="he"
    negative={false}
    positive={false}
    primary={false}
    role="button"
    secondary={false}
  >
    <button
      className="ui disabled button otherPage"
      disabled={true}
      onClick={[Function]}
      role="button"
      tabIndex={-1}
    >
      ...
    </button>
  </Button>
  <Button
    as="button"
    basic={false}
    className="otherPage"
    compact={false}
    disabled={false}
    inverted={false}
    key="99"
    negative={false}
    onClick={[Function]}
    positive={false}
    primary={false}
    role="button"
    secondary={false}
  >
    <button
      className="ui button otherPage"
      onClick={[Function]}
      role="button"
    >
      99
    </button>
  </Button>
  <Button
    as="button"
    basic={false}
    className="otherPage"
    compact={false}
    disabled={false}
    inverted={false}
    key="100"
    negative={false}
    onClick={[Function]}
    positive={false}
    primary={false}
    role="button"
    secondary={false}
  >
    <button
      className="ui button otherPage"
      onClick={[Function]}
      role="button"
    >
      100
    </button>
  </Button>
  <Button
    as="button"
    basic={false}
    className="otherPage"
    compact={false}
    disabled={false}
    inverted={false}
    key="nx"
    negative={false}
    onClick={[Function]}
    positive={false}
    primary={false}
    role="button"
    secondary={false}
  >
    <button
      className="ui button otherPage"
      onClick={[Function]}
      role="button"
    >
      &gt;
    </button>
  </Button>
</div>
`;

exports[`Default Pagination (reduced=false) offset: 940, limit: 10, total: 1000 snapshot 1`] = `
<div
  className="ui buttons semantic-ui-react-button-pagination"
>
  <Button
    as="button"
    basic={false}
    className="otherPage"
    compact={false}
    disabled={false}
    inverted={false}
    key="pr"
    negative={false}
    onClick={[Function]}
    positive={false}
    primary={false}
    role="button"
    secondary={false}
  >
    <button
      className="ui button otherPage"
      onClick={[Function]}
      role="button"
    >
      &lt;
    </button>
  </Button>
  <Button
    as="button"
    basic={false}
    className="otherPage"
    compact={false}
    disabled={false}
    inverted={false}
    key="1"
    negative={false}
    onClick={[Function]}
    positive={false}
    primary={false}
    role="button"
    secondary={false}
  >
    <button
      className="ui button otherPage"
      onClick={[Function]}
      role="button"
    >
      1
    </button>
  </Button>
  <Button
    as="button"
    basic={false}
    className="otherPage"
    compact={false}
    disabled={false}
    inverted={false}
    key="2"
    negative={false}
    onClick={[Function]}
    positive={false}
    primary={false}
    role="button"
    secondary={false}
  >
    <button
      className="ui button otherPage"
      onClick={[Function]}
      role="button"
    >
      2
    </button>
  </Button>
  <Button
    as="button"
    basic={false}
    className="otherPage"
    compact={false}
    disabled={true}
    inverted={false}
    key="le"
    negative={false}
    positive={false}
    primary={false}
    role="button"
    secondary={false}
  >
    <button
      className="ui disabled button otherPage"
      disabled={true}
      onClick={[Function]}
      role="button"
      tabIndex={-1}
    >
      ...
    </button>
  </Button>
  <Button
    as="button"
    basic={false}
    className="otherPage"
    compact={false}
    disabled={false}
    inverted={false}
    key="93"
    negative={false}
    onClick={[Function]}
    positive={false}
    primary={false}
    role="button"
    secondary={false}
  >
    <button
      className="ui button otherPage"
      onClick={[Function]}
      role="button"
    >
      93
    </button>
  </Button>
  <Button
    as="button"
    basic={false}
    className="otherPage"
    compact={false}
    disabled={false}
    inverted={false}
    key="94"
    negative={false}
    onClick={[Function]}
    positive={false}
    primary={false}
    role="button"
    secondary={false}
  >
    <button
      className="ui button otherPage"
      onClick={[Function]}
      role="button"
    >
      94
    </button>
  </Button>
  <Button
    active={true}
    as="button"
    basic={false}
    className="currentPage"
    compact={false}
    disabled={false}
    inverted={false}
    key="cr95"
    negative={false}
    positive={false}
    primary={false}
    role="button"
    secondary={false}
  >
    <button
      className="ui active button currentPage"
      onClick={[Function]}
      role="button"
    >
      95
    </button>
  </Button>
  <Button
    as="button"
    basic={false}
    className="otherPage"
    compact={false}
    disabled={false}
    inverted={false}
    key="96"
    negative={false}
    onClick={[Function]}
    positive={false}
    primary={false}
    role="button"
    secondary={false}
  >
    <button
      className="ui button otherPage"
      onClick={[Function]}
      role="button"
    >
      96
    </button>
  </Button>
  <Button
    as="button"
    basic={false}
    className="otherPage"
    compact={false}
    disabled={false}
    inverted={false}
    key="97"
    negative={false}
    onClick={[Function]}
    positive={false}
    primary={false}
    role="button"
    secondary={false}
  >
    <button
      className="ui button otherPage"
      onClick={[Function]}
      role="button"
    >
      97
    </button>
  </Button>
  <Button
    as="button"
    basic={false}
    className="otherPage"
    compact={false}
    disabled={false}
    inverted={false}
    key="98"
    negative={false}
    onClick={[Function]}
    positive={false}
    primary={false}
    role="button"
    secondary={false}
  >
    <button
      className="ui button otherPage"
      onClick={[Function]}
      role="button"
    >
      98
    </button>
  </Button>
  <Button
    as="button"
    basic={false}
    className="otherPage"
    compact={false}
    disabled={false}
    inverted={false}
    key="99"
    negative={false}
    onClick={[Function]}
    positive={false}
    primary={false}
    role="button"
    secondary={false}
  >
    <button
      className="ui button otherPage"
      onClick={[Function]}
      role="button"
    >
      99
    </button>
  </Button>
  <Button
    as="button"
    basic={false}
    className="otherPage"
    compact={false}
    disabled={false}
    inverted={false}
    key="100"
    negative={false}
    onClick={[Function]}
    positive={false}
    primary={false}
    role="button"
    secondary={false}
  >
    <button
      className="ui button otherPage"
      onClick={[Function]}
      role="button"
    >
      100
    </button>
  </Button>
  <Button
    as="button"
    basic={false}
    className="otherPage"
    compact={false}
    disabled={false}
    inverted={false}
    key="nx"
    negative={false}
    onClick={[Function]}
    positive={false}
    primary={false}
    role="button"
    secondary={false}
  >
    <button
      className="ui button otherPage"
      onClick={[Function]}
      role="button"
    >
      &gt;
    </button>
  </Button>
</div>
`;

exports[`Default Pagination (reduced=false) offset: 990, limit: 10, total: 1000 snapshot 1`] = `
<div
  className="ui buttons semantic-ui-react-button-pagination"
>
  <Button
    as="button"
    basic={false}
    className="otherPage"
    compact={false}
    disabled={false}
    inverted={false}
    key="pr"
    negative={false}
    onClick={[Function]}
    positive={false}
    primary={false}
    role="button"
    secondary={false}
  >
    <button
      className="ui button otherPage"
      onClick={[Function]}
      role="button"
    >
      &lt;
    </button>
  </Button>
  <Button
    as="button"
    basic={false}
    className="otherPage"
    compact={false}
    disabled={false}
    inverted={false}
    key="1"
    negative={false}
    onClick={[Function]}
    positive={false}
    primary={false}
    role="button"
    secondary={false}
  >
    <button
      className="ui button otherPage"
      onClick={[Function]}
      role="button"
    >
      1
    </button>
  </Button>
  <Button
    as="button"
    basic={false}
    className="otherPage"
    compact={false}
    disabled={false}
    inverted={false}
    key="2"
    negative={false}
    onClick={[Function]}
    positive={false}
    primary={false}
    role="button"
    secondary={false}
  >
    <button
      className="ui button otherPage"
      onClick={[Function]}
      role="button"
    >
      2
    </button>
  </Button>
  <Button
    as="button"
    basic={false}
    className="otherPage"
    compact={false}
    disabled={true}
    inverted={false}
    key="le"
    negative={false}
    positive={false}
    primary={false}
    role="button"
    secondary={false}
  >
    <button
      className="ui disabled button otherPage"
      disabled={true}
      onClick={[Function]}
      role="button"
      tabIndex={-1}
    >
      ...
    </button>
  </Button>
  <Button
    as="button"
    basic={false}
    className="otherPage"
    compact={false}
    disabled={false}
    inverted={false}
    key="96"
    negative={false}
    onClick={[Function]}
    positive={false}
    primary={false}
    role="button"
    secondary={false}
  >
    <button
      className="ui button otherPage"
      onClick={[Function]}
      role="button"
    >
      96
    </button>
  </Button>
  <Button
    as="button"
    basic={false}
    className="otherPage"
    compact={false}
    disabled={false}
    inverted={false}
    key="97"
    negative={false}
    onClick={[Function]}
    positive={false}
    primary={false}
    role="button"
    secondary={false}
  >
    <button
      className="ui button otherPage"
      onClick={[Function]}
      role="button"
    >
      97
    </button>
  </Button>
  <Button
    as="button"
    basic={false}
    className="otherPage"
    compact={false}
    disabled={false}
    inverted={false}
    key="98"
    negative={false}
    onClick={[Function]}
    positive={false}
    primary={false}
    role="button"
    secondary={false}
  >
    <button
      className="ui button otherPage"
      onClick={[Function]}
      role="button"
    >
      98
    </button>
  </Button>
  <Button
    as="button"
    basic={false}
    className="otherPage"
    compact={false}
    disabled={false}
    inverted={false}
    key="99"
    negative={false}
    onClick={[Function]}
    positive={false}
    primary={false}
    role="button"
    secondary={false}
  >
    <button
      className="ui button otherPage"
      onClick={[Function]}
      role="button"
    >
      99
    </button>
  </Button>
  <Button
    active={true}
    as="button"
    basic={false}
    className="currentPage"
    compact={false}
    disabled={false}
    inverted={false}
    key="cr100"
    negative={false}
    positive={false}
    primary={false}
    role="button"
    secondary={false}
  >
    <button
      className="ui active button currentPage"
      onClick={[Function]}
      role="button"
    >
      100
    </button>
  </Button>
  <Button
    as="button"
    basic={false}
    className="otherPage"
    compact={false}
    disabled={true}
    inverted={false}
    key="nx"
    negative={false}
    onClick={[Function]}
    positive={false}
    primary={false}
    role="button"
    secondary={false}
    tabIndex={null}
  >
    <button
      className="ui disabled button otherPage"
      disabled={true}
      onClick={[Function]}
      role="button"
      tabIndex={-1}
    >
      &gt;
    </button>
  </Button>
</div>
`;
