// Jest Snapshot v1, https://goo.gl/fbAQLP

exports[`Disabled Pagination disabled: true snapshot 1`] = `
<div
  className="ui buttons semantic-ui-react-button-pagination"
>
  <Button
    as="button"
    basic={false}
    className="otherPage"
    compact={false}
    disabled={true}
    inverted={false}
    key="pr"
    negative={false}
    onClick={[Function]}
    positive={false}
    primary={false}
    role="button"
    secondary={false}
    tabIndex={null}
  >
    <button
      className="ui disabled button otherPage"
      disabled={true}
      onClick={[Function]}
      role="button"
      tabIndex={-1}
    >
      &lt;
    </button>
  </Button>
  <Button
    as="button"
    basic={false}
    className="otherPage"
    compact={false}
    disabled={true}
    inverted={false}
    key="1"
    negative={false}
    onClick={[Function]}
    positive={false}
    primary={false}
    role="button"
    secondary={false}
    tabIndex={null}
  >
    <button
      className="ui disabled button otherPage"
      disabled={true}
      onClick={[Function]}
      role="button"
      tabIndex={-1}
    >
      1
    </button>
  </Button>
  <Button
    as="button"
    basic={false}
    className="otherPage"
    compact={false}
    disabled={true}
    inverted={false}
    key="2"
    negative={false}
    onClick={[Function]}
    positive={false}
    primary={false}
    role="button"
    secondary={false}
    tabIndex={null}
  >
    <button
      className="ui disabled button otherPage"
      disabled={true}
      onClick={[Function]}
      role="button"
      tabIndex={-1}
    >
      2
    </button>
  </Button>
  <Button
    as="button"
    basic={false}
    className="otherPage"
    compact={false}
    disabled={true}
    inverted={false}
    key="le"
    negative={false}
    positive={false}
    primary={false}
    role="button"
    secondary={false}
  >
    <button
      className="ui disabled button otherPage"
      disabled={true}
      onClick={[Function]}
      role="button"
      tabIndex={-1}
    >
      ...
    </button>
  </Button>
  <Button
    as="button"
    basic={false}
    className="otherPage"
    compact={false}
    disabled={true}
    inverted={false}
    key="5"
    negative={false}
    onClick={[Function]}
    positive={false}
    primary={false}
    role="button"
    secondary={false}
    tabIndex={null}
  >
    <button
      className="ui disabled button otherPage"
      disabled={true}
      onClick={[Function]}
      role="button"
      tabIndex={-1}
    >
      5
    </button>
  </Button>
  <Button
    as="button"
    basic={false}
    className="otherPage"
    compact={false}
    disabled={true}
    inverted={false}
    key="6"
    negative={false}
    onClick={[Function]}
    positive={false}
    primary={false}
    role="button"
    secondary={false}
    tabIndex={null}
  >
    <button
      className="ui disabled button otherPage"
      disabled={true}
      onClick={[Function]}
      role="button"
      tabIndex={-1}
    >
      6
    </button>
  </Button>
  <Button
    active={true}
    as="button"
    basic={false}
    className="currentPage"
    compact={false}
    disabled={true}
    inverted={false}
    key="cr7"
    negative={false}
    positive={false}
    primary={false}
    role="button"
    secondary={false}
    tabIndex={null}
  >
    <button
      className="ui active disabled button currentPage"
      disabled={true}
      onClick={[Function]}
      role="button"
      tabIndex={-1}
    >
      7
    </button>
  </Button>
  <Button
    as="button"
    basic={false}
    className="otherPage"
    compact={false}
    disabled={true}
    inverted={false}
    key="8"
    negative={false}
    onClick={[Function]}
    positive={false}
    primary={false}
    role="button"
    secondary={false}
    tabIndex={null}
  >
    <button
      className="ui disabled button otherPage"
      disabled={true}
      onClick={[Function]}
      role="button"
      tabIndex={-1}
    >
      8
    </button>
  </Button>
  <Button
    as="button"
    basic={false}
    className="otherPage"
    compact={false}
    disabled={true}
    inverted={false}
    key="9"
    negative={false}
    onClick={[Function]}
    positive={false}
    primary={false}
    role="button"
    secondary={false}
    tabIndex={null}
  >
    <button
      className="ui disabled button otherPage"
      disabled={true}
      onClick={[Function]}
      role="button"
      tabIndex={-1}
    >
      9
    </button>
  </Button>
  <Button
    as="button"
    basic={false}
    className="otherPage"
    compact={false}
    disabled={true}
    inverted={false}
    key="he"
    negative={false}
    positive={false}
    primary={false}
    role="button"
    secondary={false}
  >
    <button
      className="ui disabled button otherPage"
      disabled={true}
      onClick={[Function]}
      role="button"
      tabIndex={-1}
    >
      ...
    </button>
  </Button>
  <Button
    as="button"
    basic={false}
    className="otherPage"
    compact={false}
    disabled={true}
    inverted={false}
    key="99"
    negative={false}
    onClick={[Function]}
    positive={false}
    primary={false}
    role="button"
    secondary={false}
    tabIndex={null}
  >
    <button
      className="ui disabled button otherPage"
      disabled={true}
      onClick={[Function]}
      role="button"
      tabIndex={-1}
    >
      99
    </button>
  </Button>
  <Button
    as="button"
    basic={false}
    className="otherPage"
    compact={false}
    disabled={true}
    inverted={false}
    key="100"
    negative={false}
    onClick={[Function]}
    positive={false}
    primary={false}
    role="button"
    secondary={false}
    tabIndex={null}
  >
    <button
      className="ui disabled button otherPage"
      disabled={true}
      onClick={[Function]}
      role="button"
      tabIndex={-1}
    >
      100
    </button>
  </Button>
  <Button
    as="button"
    basic={false}
    className="otherPage"
    compact={false}
    disabled={true}
    inverted={false}
    key="nx"
    negative={false}
    onClick={[Function]}
    positive={false}
    primary={false}
    role="button"
    secondary={false}
    tabIndex={null}
  >
    <button
      className="ui disabled button otherPage"
      disabled={true}
      onClick={[Function]}
      role="button"
      tabIndex={-1}
    >
      &gt;
    </button>
  </Button>
</div>
`;
